Inspecting [1/75]: https://smartpetgadgets.com.br/bebedouro-inox-x-ceramica/
Inspecting [2/75]: https://smartpetgadgets.com.br/brinquedo-automatico-cachorro-sozinho/
Inspecting [3/75]: https://smartpetgadgets.com.br/brinquedo-interativo-automatico-para-gato/
Inspecting [4/75]: https://smartpetgadgets.com.br/brinquedo-interativo-gato-idoso-vale-a-pena/
Inspecting [5/75]: https://smartpetgadgets.com.br/brinquedo-interativo-pilha-x-recarregavel/
Inspecting [6/75]: https://smartpetgadgets.com.br/brinquedo-interativo-sensor-infravermelho-como-funciona/
Inspecting [7/75]: https://smartpetgadgets.com.br/brinquedo-interativo-substitui-brincadeira-tutor/
Inspecting [8/75]: https://smartpetgadgets.com.br/cachorro-de-casa-pega-pulga/
Inspecting [9/75]: https://smartpetgadgets.com.br/camera-para-monitorar-pet/
Inspecting [10/75]: https://smartpetgadgets.com.br/camera-pet-cachorro-ansiedade-separacao/
Inspecting [11/75]: https://smartpetgadgets.com.br/camera-pet-com-dispensador-de-petisco/
Inspecting [12/75]: https://smartpetgadgets.com.br/camera-pet-grava-sem-internet/
Inspecting [13/75]: https://smartpetgadgets.com.br/camera-pet-resolucao-1080p-x-2k/
Inspecting [14/75]: https://smartpetgadgets.com.br/camera-pet-visao-noturna-funciona/
Inspecting [15/75]: https://smartpetgadgets.com.br/camera-pet-x-coleira-gps-qual-escolher/
Inspecting [16/75]: https://smartpetgadgets.com.br/cat-mate-c500-review/
Inspecting [17/75]: https://smartpetgadgets.com.br/cerca-virtual-para-cachorro/
Inspecting [18/75]: https://smartpetgadgets.com.br/cercado-para-cachorros/
Inspecting [19/75]: https://smartpetgadgets.com.br/coleira-gps-bluetooth-x-chip-operadora/
Inspecting [20/75]: https://smartpetgadgets.com.br/coleira-gps-cachorro-pequeno-porte/
Inspecting [21/75]: https://smartpetgadgets.com.br/coleira-gps-cachorro-que-foge/
Inspecting [22/75]: https://smartpetgadgets.com.br/coleira-gps-para-gato/
Inspecting [23/75]: https://smartpetgadgets.com.br/coleira-gps-para-pet/
Inspecting [24/75]: https://smartpetgadgets.com.br/coleira-gps-x-microchip/
Inspecting [25/75]: https://smartpetgadgets.com.br/coleira-seresto-antipulgas/
Inspecting [26/75]: https://smartpetgadgets.com.br/comedouro-automatico-anti-formiga/
Inspecting [27/75]: https://smartpetgadgets.com.br/comedouro-automatico-faz-mal/
Inspecting [28/75]: https://smartpetgadgets.com.br/comedouro-automatico-gato-obeso/
Inspecting [29/75]: https://smartpetgadgets.com.br/comedouro-automatico-para-dois-gatos/
Inspecting [30/75]: https://smartpetgadgets.com.br/comedouro-automatico-para-pet/
Inspecting [31/75]: https://smartpetgadgets.com.br/comedouro-automatico-para-viagem/
Inspecting [32/75]: https://smartpetgadgets.com.br/comedouro-automatico-vale-a-pena/
Inspecting [33/75]: https://smartpetgadgets.com.br/comedouro-cachorro/
Inspecting [34/75]: https://smartpetgadgets.com.br/comedouro-com-ou-sem-wifi/
Inspecting [35/75]: https://smartpetgadgets.com.br/comedouro-gato-x-cachorro-diferenca/
Inspecting [36/75]: https://smartpetgadgets.com.br/comedouro-newpet-2l-review/
Inspecting [37/75]: https://smartpetgadgets.com.br/comedouro-newpet-4l-review/
Inspecting [38/75]: https://smartpetgadgets.com.br/comedouro-vdrbg-4l-wifi-review/
Inspecting [39/75]: https://smartpetgadgets.com.br/comedouro-x-bebedouro-automatico/
Inspecting [40/75]: https://smartpetgadgets.com.br/como-configurar-camera-pet-wifi/
Inspecting [41/75]: https://smartpetgadgets.com.br/como-escolher-brinquedo-interativo-gato-entediado/
Inspecting [42/75]: https://smartpetgadgets.com.br/como-funciona-coleira-gps-cachorro/
Inspecting [43/75]: https://smartpetgadgets.com.br/como-instalar-porta-eletronica-pet/
