[15:53:38] Carregado: 474 peças (export 2026-09-03T14:50:57.299Z)
[15:53:38] Planilha .xlsx (re)gravada
[15:53:38] Iniciando IMAGENS: 474 peças
[15:54:19]   imagens 25/474
[15:55:02]   imagens 50/474
[15:55:40]   imagens 75/474
[15:56:24]   imagens 100/474
[15:57:15]   imagens 125/474
[15:58:24]   imagens 150/474
[15:59:15]   imagens 175/474
[16:00:09]   imagens 200/474
[16:01:05]   imagens 225/474
[16:01:57]   imagens 250/474
[16:02:49]   imagens 275/474
[16:03:40]   imagens 300/474
[16:04:28]   imagens 325/474
[16:05:18]   imagens 350/474
[16:06:05]   imagens 375/474
[16:06:56]   imagens 400/474
[16:07:42]   imagens 425/474
[16:08:27]   imagens 450/474
[16:09:14]   imagens 474/474
[16:09:14] Imagens concluídas em 935s
[16:09:14] Iniciando VIDEOS: 134 Reels
[16:10:20]   video 4/134: PECA-010.mp4 (decorrido 67s)
[16:11:25]   video 5/134: PECA-015.mp4 (decorrido 131s)
[16:12:35]   video 6/134: PECA-016.mp4 (decorrido 202s)
[16:13:39]   video 7/134: PECA-023.mp4 (decorrido 265s)
[16:14:43]   video 8/134: PECA-024.mp4 (decorrido 329s)
[16:15:45]   video 9/134: PECA-029.mp4 (decorrido 392s)
[16:16:51]   video 10/134: PECA-030.mp4 (decorrido 457s)
[16:18:01]   video 11/134: PECA-036.mp4 (decorrido 527s)
[16:19:14]   video 12/134: PECA-037.mp4 (decorrido 600s)
[16:20:24]   video 13/134: PECA-042.mp4 (decorrido 670s)
[16:21:30]   video 14/134: PECA-043.mp4 (decorrido 737s)
[16:22:37]   video 15/134: PECA-048.mp4 (decorrido 803s)
[16:23:49]   video 16/134: PECA-049.mp4 (decorrido 875s)
[16:25:16]   video 17/134: PECA-056.mp4 (decorrido 962s)
[16:26:40]   video 18/134: PECA-057.mp4 (decorrido 1046s)
[16:28:02]   video 19/134: PECA-062.mp4 (decorrido 1129s)
[16:29:31]   video 20/134: PECA-063.mp4 (decorrido 1217s)
[16:30:59]   video 21/134: PECA-068.mp4 (decorrido 1305s)
[17:35:31] Carregado: 474 peças (export 2026-09-03T14:50:57.299Z)
[17:35:32] Planilha .xlsx (re)gravada
[17:35:32] Iniciando IMAGENS: 474 peças
[17:35:32] Imagens concluídas em 0s
[17:35:32] Iniciando VIDEOS: 134 Reels
[17:36:44]   video 23/134: PECA-076.mp4 (decorrido 72s)
[17:37:51]   video 24/134: PECA-077.mp4 (decorrido 139s)
[17:38:53]   video 25/134: PECA-083.mp4 (decorrido 201s)
[17:40:01]   video 26/134: PECA-084.mp4 (decorrido 269s)
[17:41:06]   video 27/134: PECA-089.mp4 (decorrido 334s)
[17:42:11]   video 28/134: PECA-090.mp4 (decorrido 399s)
[17:43:16]   video 29/134: PECA-096.mp4 (decorrido 464s)
[17:44:19]   video 30/134: PECA-097.mp4 (decorrido 527s)
[17:45:28]   video 31/134: PECA-104.mp4 (decorrido 596s)
[17:46:32]   video 32/134: PECA-105.mp4 (decorrido 660s)
[17:47:43]   video 33/134: PECA-110.mp4 (decorrido 731s)
[17:48:47]   video 34/134: PECA-111.mp4 (decorrido 795s)
[17:49:57]   video 35/134: PECA-118.mp4 (decorrido 865s)
[17:51:11]   video 36/134: PECA-119.mp4 (decorrido 939s)
[17:52:23]   video 37/134: PECA-125.mp4 (decorrido 1011s)
[17:53:32]   video 38/134: PECA-126.mp4 (decorrido 1080s)
[17:54:40]   video 39/134: PECA-133.mp4 (decorrido 1148s)
[17:55:54]   video 40/134: PECA-134.mp4 (decorrido 1222s)
[17:57:45] supervisor tentativa 1 — imagens 474/474, videos 41/134
[17:57:48] Carregado: 474 peças (export 2026-09-03T14:50:57.299Z)
[17:57:48] Planilha .xlsx (re)gravada
[17:57:48] Iniciando IMAGENS: 474 peças
[17:57:49] Imagens concluídas em 0s
[17:57:49] Iniciando VIDEOS: 134 Reels
[17:59:21]   video 42/134: PECA-140.mp4 (decorrido 93s)
[18:00:41]   video 43/134: PECA-145.mp4 (decorrido 172s)
[18:01:46]   video 44/134: PECA-146.mp4 (decorrido 237s)
[18:02:50]   video 45/134: PECA-153.mp4 (decorrido 301s)
[18:03:56]   video 46/134: PECA-154.mp4 (decorrido 367s)
[18:05:03]   video 47/134: PECA-160.mp4 (decorrido 435s)
[18:06:10]   video 48/134: PECA-161.mp4 (decorrido 501s)
[18:07:15]   video 49/134: PECA-168.mp4 (decorrido 566s)
[18:08:22]   video 50/134: PECA-169.mp4 (decorrido 633s)
[18:09:33]   video 51/134: PECA-176.mp4 (decorrido 704s)
[18:10:45]   video 52/134: PECA-177.mp4 (decorrido 776s)
[18:11:56]   video 53/134: PECA-184.mp4 (decorrido 847s)
[18:13:04]   video 54/134: PECA-185.mp4 (decorrido 915s)
[18:14:16]   video 55/134: PECA-192.mp4 (decorrido 988s)
[18:15:32]   video 56/134: PECA-193.mp4 (decorrido 1063s)
[18:16:43]   video 57/134: PECA-200.mp4 (decorrido 1135s)
[18:17:56]   video 58/134: PECA-201.mp4 (decorrido 1207s)
[18:19:12]   video 59/134: PECA-208.mp4 (decorrido 1284s)
[18:21:26] supervisor: processo saiu com rc=137
[18:21:28] supervisor tentativa 2 — imagens 474/474, videos 60/134
[18:21:33] Carregado: 474 peças (export 2026-09-03T14:50:57.299Z)
[18:21:34] Planilha .xlsx (re)gravada
[18:21:34] Iniciando IMAGENS: 474 peças
[18:21:34] Imagens concluídas em 0s
[18:21:34] Iniciando VIDEOS: 134 Reels
[18:22:47]   video 61/134: PECA-216.mp4 (decorrido 73s)
[18:23:58]   video 62/134: PECA-217.mp4 (decorrido 144s)
[18:25:05]   video 63/134: PECA-223.mp4 (decorrido 211s)
[18:26:15]   video 64/134: PECA-224.mp4 (decorrido 281s)
[18:27:22]   video 65/134: PECA-231.mp4 (decorrido 348s)
[18:28:28]   video 66/134: PECA-232.mp4 (decorrido 414s)
[18:29:32]   video 67/134: PECA-239.mp4 (decorrido 478s)
[18:30:38]   video 68/134: PECA-240.mp4 (decorrido 544s)
[18:31:43]   video 69/134: PECA-247.mp4 (decorrido 609s)
[18:32:50]   video 70/134: PECA-248.mp4 (decorrido 676s)
[18:34:05]   video 71/134: PECA-255.mp4 (decorrido 751s)
[18:35:21]   video 72/134: PECA-256.mp4 (decorrido 827s)
[18:36:29]   video 73/134: PECA-263.mp4 (decorrido 895s)
[18:37:38]   video 74/134: PECA-264.mp4 (decorrido 964s)
[18:38:55]   video 75/134: PECA-271.mp4 (decorrido 1041s)
[18:40:07]   video 76/134: PECA-275.mp4 (decorrido 1113s)
[18:41:30]   video 77/134: PECA-276.mp4 (decorrido 1196s)
[18:42:46]   video 78/134: PECA-281.mp4 (decorrido 1272s)
[18:52:14] supervisor tentativa 1 — imagens 474/474, videos 79/134
[18:52:14] supervisor: processo saiu com rc=127
[18:52:16] supervisor tentativa 2 — imagens 474/474, videos 79/134
[18:52:16] supervisor: processo saiu com rc=127
[18:52:18] supervisor tentativa 3 — imagens 474/474, videos 79/134
[18:52:18] supervisor: processo saiu com rc=127
[18:52:20] supervisor tentativa 4 — imagens 474/474, videos 79/134
[18:52:20] supervisor: processo saiu com rc=127
[18:52:22] supervisor tentativa 5 — imagens 474/474, videos 79/134
[18:52:22] supervisor: processo saiu com rc=127
[18:52:24] supervisor tentativa 6 — imagens 474/474, videos 79/134
[18:52:24] supervisor: processo saiu com rc=127
[18:52:26] supervisor tentativa 7 — imagens 474/474, videos 79/134
[18:52:26] supervisor: processo saiu com rc=127
[18:52:29] supervisor tentativa 8 — imagens 474/474, videos 79/134
[18:52:29] supervisor: processo saiu com rc=127
[18:52:31] supervisor tentativa 9 — imagens 474/474, videos 79/134
[18:52:31] supervisor: processo saiu com rc=127
[18:52:33] supervisor tentativa 10 — imagens 474/474, videos 79/134
[18:52:33] supervisor: processo saiu com rc=1
[18:52:35] supervisor tentativa 11 — imagens 474/474, videos 79/134
[18:52:35] supervisor: processo saiu com rc=1
[18:52:37] supervisor tentativa 12 — imagens 474/474, videos 79/134
[18:52:38] supervisor: processo saiu com rc=1
[18:52:40] supervisor tentativa 13 — imagens 474/474, videos 79/134
[18:52:40] supervisor: processo saiu com rc=1
[18:52:42] supervisor tentativa 14 — imagens 474/474, videos 79/134
[18:52:42] supervisor: processo saiu com rc=1
[18:52:44] supervisor tentativa 15 — imagens 474/474, videos 79/134
[18:52:45] supervisor: processo saiu com rc=1
[18:52:47] supervisor tentativa 16 — imagens 474/474, videos 79/134
[18:52:47] supervisor: processo saiu com rc=1
[18:52:49] supervisor tentativa 17 — imagens 474/474, videos 79/134
[18:52:49] supervisor: processo saiu com rc=1
[18:52:52] supervisor tentativa 18 — imagens 474/474, videos 79/134
[18:52:52] supervisor: processo saiu com rc=1
[18:52:54] supervisor tentativa 19 — imagens 474/474, videos 79/134
[18:52:55] supervisor: processo saiu com rc=1
[18:52:57] supervisor tentativa 20 — imagens 474/474, videos 79/134
[18:52:58] supervisor: processo saiu com rc=1
[18:53:00] supervisor tentativa 21 — imagens 474/474, videos 79/134
[18:53:01] Carregado: 474 peças (export 2026-09-03T14:50:57.299Z)
[18:53:02] Planilha .xlsx (re)gravada
[18:53:02] Iniciando IMAGENS: 474 peças
[18:53:02] Imagens concluídas em 0s
[18:53:02] Iniciando VIDEOS: 134 Reels
[18:53:02] supervisor: processo saiu com rc=1
[18:53:04] supervisor tentativa 22 — imagens 474/474, videos 79/134
[18:53:05] Carregado: 474 peças (export 2026-09-03T14:50:57.299Z)
[18:53:06] Planilha .xlsx (re)gravada
[18:53:06] Iniciando IMAGENS: 474 peças
[18:53:06] Imagens concluídas em 0s
[18:53:06] Iniciando VIDEOS: 134 Reels
[18:53:06] supervisor: processo saiu com rc=1
[18:53:08] supervisor tentativa 23 — imagens 474/474, videos 79/134
[18:53:09] Carregado: 474 peças (export 2026-09-03T14:50:57.299Z)
[18:53:09] Planilha .xlsx (re)gravada
[18:53:09] Iniciando IMAGENS: 474 peças
[18:53:10] Imagens concluídas em 0s
[18:53:10] Iniciando VIDEOS: 134 Reels
[18:53:10] supervisor: processo saiu com rc=1
[18:53:12] supervisor tentativa 24 — imagens 474/474, videos 79/134
[18:53:13] Carregado: 474 peças (export 2026-09-03T14:50:57.299Z)
[18:53:13] Planilha .xlsx (re)gravada
[18:53:13] Iniciando IMAGENS: 474 peças
[18:53:13] Imagens concluídas em 0s
[18:53:13] Iniciando VIDEOS: 134 Reels
[18:53:13] supervisor: processo saiu com rc=1
[18:53:15] supervisor tentativa 25 — imagens 474/474, videos 79/134
[18:53:16] Carregado: 474 peças (export 2026-09-03T14:50:57.299Z)
[18:53:17] Planilha .xlsx (re)gravada
[18:53:17] Iniciando IMAGENS: 474 peças
[18:53:17] Imagens concluídas em 0s
[18:53:17] Iniciando VIDEOS: 134 Reels
[18:53:22] supervisor tentativa 1 — imagens 474/474, videos 79/134
[18:53:23] Carregado: 474 peças (export 2026-09-03T14:50:57.299Z)
[18:53:23] Planilha .xlsx (re)gravada
[18:53:23] Iniciando IMAGENS: 474 peças
[18:53:23] Imagens concluídas em 0s
[18:53:23] Iniciando VIDEOS: 134 Reels
[18:53:50] supervisor tentativa 1 — imagens 474/474, videos 79/134
[18:53:51] Carregado: 474 peças (export 2026-09-03T14:50:57.299Z)
[18:53:51] Planilha .xlsx (re)gravada
[18:53:51] Iniciando IMAGENS: 474 peças
[18:53:51] Imagens concluídas em 0s
[18:53:51] Iniciando VIDEOS: 134 Reels
[18:55:09]   video 80/134: PECA-287.mp4 (decorrido 78s)
[18:56:14]   video 81/134: PECA-292.mp4 (decorrido 143s)
[18:57:19]   video 82/134: PECA-293.mp4 (decorrido 208s)
[18:58:26]   video 83/134: PECA-300.mp4 (decorrido 275s)
[18:59:33]   video 84/134: PECA-301.mp4 (decorrido 342s)
[19:00:40]   video 85/134: PECA-308.mp4 (decorrido 409s)
[19:01:43]   video 86/134: PECA-309.mp4 (decorrido 472s)
[19:02:45]   video 87/134: PECA-315.mp4 (decorrido 534s)
[19:03:53]   video 88/134: PECA-316.mp4 (decorrido 602s)
[19:04:59]   video 89/134: PECA-322.mp4 (decorrido 668s)
[19:06:11]   video 90/134: PECA-323.mp4 (decorrido 740s)
[19:07:24]   video 91/134: PECA-329.mp4 (decorrido 813s)
[19:08:33]   video 92/134: PECA-330.mp4 (decorrido 882s)
[19:09:40]   video 93/134: PECA-336.mp4 (decorrido 949s)
[19:10:48]   video 94/134: PECA-337.mp4 (decorrido 1017s)
[19:12:05]   video 95/134: PECA-342.mp4 (decorrido 1094s)
[19:13:15]   video 96/134: PECA-343.mp4 (decorrido 1164s)
[19:14:34]   video 97/134: PECA-348.mp4 (decorrido 1243s)
[19:15:52]   video 98/134: PECA-349.mp4 (decorrido 1321s)
[19:25:18] supervisor: processo saiu com rc=137
[19:25:20] supervisor tentativa 2 — imagens 474/474, videos 99/134
[19:25:27] Carregado: 474 peças (export 2026-09-03T14:50:57.299Z)
[19:25:28] Planilha .xlsx (re)gravada
[19:25:28] Iniciando IMAGENS: 474 peças
[19:25:28] Imagens concluídas em 0s
[19:25:28] Iniciando VIDEOS: 134 Reels
[19:26:45]   video 100/134: PECA-355.mp4 (decorrido 77s)
[19:27:57]   video 101/134: PECA-360.mp4 (decorrido 149s)
[19:29:04]   video 102/134: PECA-361.mp4 (decorrido 216s)
[19:30:23]   video 103/134: PECA-368.mp4 (decorrido 295s)
[19:31:27]   video 104/134: PECA-369.mp4 (decorrido 359s)
[19:32:30]   video 105/134: PECA-376.mp4 (decorrido 423s)
[19:33:38]   video 106/134: PECA-377.mp4 (decorrido 490s)
[19:34:54]   video 107/134: PECA-382.mp4 (decorrido 566s)
[19:36:01]   video 108/134: PECA-383.mp4 (decorrido 633s)
[19:37:07]   video 109/134: PECA-388.mp4 (decorrido 699s)
[19:38:15]   video 110/134: PECA-389.mp4 (decorrido 767s)
[19:39:18]   video 111/134: PECA-394.mp4 (decorrido 830s)
[19:40:23]   video 112/134: PECA-395.mp4 (decorrido 895s)
[19:41:28]   video 113/134: PECA-400.mp4 (decorrido 960s)
[19:42:42]   video 114/134: PECA-401.mp4 (decorrido 1034s)
[19:44:07]   video 115/134: PECA-406.mp4 (decorrido 1119s)
[19:45:15]   video 116/134: PECA-407.mp4 (decorrido 1188s)
[19:46:24]   video 117/134: PECA-414.mp4 (decorrido 1257s)
[19:48:07]   video 118/134: PECA-415.mp4 (decorrido 1359s)
[19:49:31] supervisor: processo saiu com rc=137
[19:49:33] supervisor tentativa 3 — imagens 474/474, videos 119/134
[19:49:36] Carregado: 474 peças (export 2026-09-03T14:50:57.299Z)
[19:49:36] Planilha .xlsx (re)gravada
[19:49:36] Iniciando IMAGENS: 474 peças
[19:49:36] Imagens concluídas em 0s
[19:49:36] Iniciando VIDEOS: 134 Reels
[19:50:48]   video 120/134: PECA-421.mp4 (decorrido 72s)
[19:51:59]   video 121/134: PECA-427.mp4 (decorrido 143s)
[19:53:08]   video 122/134: PECA-428.mp4 (decorrido 212s)
[19:54:13]   video 123/134: PECA-433.mp4 (decorrido 277s)
[19:55:20]   video 124/134: PECA-434.mp4 (decorrido 344s)
[19:56:35]   video 125/134: PECA-440.mp4 (decorrido 419s)
[19:57:56]   video 126/134: PECA-441.mp4 (decorrido 500s)
[19:59:15]   video 127/134: PECA-446.mp4 (decorrido 578s)
[20:00:26]   video 128/134: PECA-447.mp4 (decorrido 650s)
[20:01:36]   video 129/134: PECA-452.mp4 (decorrido 720s)
[20:02:44]   video 130/134: PECA-453.mp4 (decorrido 788s)
[20:03:47]   video 131/134: PECA-459.mp4 (decorrido 851s)
[20:04:53]   video 132/134: PECA-460.mp4 (decorrido 917s)
[20:06:04]   video 133/134: PECA-467.mp4 (decorrido 988s)
[20:07:19]   video 134/134: PECA-468.mp4 (decorrido 1063s)
[20:07:19] Vídeos concluídos em 1063s
[20:07:20] LOTE COMPLETO. Imagens no disco: 474 | Vídeos no disco: 134
[20:07:22] supervisor: processo saiu com rc=0
[20:07:24] supervisor tentativa 4 — imagens 474/474, videos 134/134
[20:07:24] supervisor: LOTE COMPLETO detectado, encerrando.
